// Jest Snapshot v1, https://goo.gl/fbAQLP

exports[`All tests Snapshot HelloWorld 1`] = `
<div class="hello">
  <h1></h1>
  <p>
    For a guide and recipes on how to configure / customize this project,<br>
    check out the
    <a href="https://cli.vuejs.org" target="_blank" rel="noopener">vue-cli documentation</a>.
  </p>
  <h3>Installed CLI Plugins</h3> <button id="button">Click</button> <button id="buttonEvent">Custom Event</button>
</div>
`;
